> Task :app:checkKotlinGradlePluginConfigurationErrors
> Task :app:preBuild UP-TO-DATE
> Task :app:preDebugBuild UP-TO-DATE
> Task :app:generateDebugBuildConfig UP-TO-DATE
> Task :app:checkDebugAarMetadata UP-TO-DATE
> Task :app:generateDebugResValues UP-TO-DATE
> Task :app:mapDebugSourceSetPaths UP-TO-DATE
> Task :app:generateDebugResources UP-TO-DATE
> Task :app:mergeDebugResources UP-TO-DATE
> Task :app:packageDebugResources UP-TO-DATE
> Task :app:parseDebugLocalResources UP-TO-DATE
> Task :app:createDebugCompatibleScreenManifests UP-TO-DATE
> Task :app:extractDeepLinksDebug UP-TO-DATE
> Task :app:processDebugMainManifest UP-TO-DATE
> Task :app:processDebugManifest UP-TO-DATE
> Task :app:processDebugManifestForPackage UP-TO-DATE
> Task :app:processDebugResources UP-TO-DATE
> Task :app:kaptGenerateStubsDebugKotlin UP-TO-DATE
> Task :app:kaptDebugKotlin UP-TO-DATE

> Task :app:compileDebugKotlin FAILED

./gradlew : e: file:///C:/Users/hp/Documents/csu1/senCsu-main/app/src/main/java/com/example/sencsu/components/cartes/He
althInsuranceCardWithFlip.kt:183:62 Unresolved reference: context
Au caractère Ligne:1 : 1
+ ./gradlew :app:compileDebugKotlin > build_errors.txt 2>&1
+ ~~~~~~~~~~~~~~~~~~~~~~~~~~~~~~~~~~~~~~~~~~~~~~~~~~~~~~~~~
    + CategoryInfo          : NotSpecified: (e: file:///C:/U...erence: context:String) [], RemoteException
    + FullyQualifiedErrorId : NativeCommandError
 
e: file:///C:/Users/hp/Documents/csu1/senCsu-main/app/src/main/java/com/example/sencsu/components/cartes/HealthInsuranc
eCardWithFlip.kt:185:46 Unresolved reference: token
e: file:///C:/Users/hp/Documents/csu1/senCsu-main/app/src/main/java/com/example/sencsu/components/cartes/HealthInsuranc
eCardWithFlip.kt:185:59 Unresolved reference: addHeader
e: file:///C:/Users/hp/Documents/csu1/senCsu-main/app/src/main/java/com/example/sencsu/components/cartes/HealthInsuranc
eCardWithFlip.kt:185:95 Unresolved reference: it
e: file:///C:/Users/hp/Documents/csu1/senCsu-main/app/src/main/java/com/example/sencsu/screen/BeneficiaryDashboardScree
n.kt:680:58 Unresolved reference: context
e: file:///C:/Users/hp/Documents/csu1/senCsu-main/app/src/main/java/com/example/sencsu/screen/BeneficiaryDashboardScree
n.kt:682:42 Unresolved reference: token
e: file:///C:/Users/hp/Documents/csu1/senCsu-main/app/src/main/java/com/example/sencsu/screen/BeneficiaryDashboardScree
n.kt:682:55 Unresolved reference: addHeader
[Incubating] Problems report is available at: file:///C:/Users/hp/Documents/csu1/senCsu-main/build/reports/problems/problems-report.html
e: file:///C:/Users/hp/Documents/csu1/senCsu-main/app/src/main/java/com/example/sencsu/screen/BeneficiaryDashboardScree
n.kt:682:91 Unresolved reference: it

FAILURE: Build failed with an exception.

* What went wrong:
Execution failed for task ':app:compileDebugKotlin'.
> A failure occurred while executing 
org.jetbrains.kotlin.compilerRunner.GradleCompilerRunnerWithWorkers$GradleKotlinCompilerWorkAction
   > Compilation error. See log for more details

* Try:
> Run with --stacktrace option to get the stack trace.
> Run with --info or --debug option to get more log output.
> Run with --scan to get full insights.
> Get more help at https://help.gradle.org.

Deprecated Gradle features were used in this build, making it incompatible with Gradle 9.0.

You can use '--warning-mode all' to show the individual deprecation warnings and determine if they come from your own scripts or plugins.

For more on this, please refer to https://docs.gradle.org/8.14/userguide/command_line_interface.html#sec:command_line_warnings in the Gradle documentation.

BUILD FAILED in 25s
17 actionable tasks: 2 executed, 15 up-to-date
